4502293127
